// Jest Snapshot v1, https://goo.gl/fbAQLP

exports[`index page renders correctly 1`] = `
<div
  className="container"
>
  <header
    className="header"
  >
    <a
      href="/"
      onClick={[Function]}
      onMouseEnter={[Function]}
    >
      <img
        alt="The Deetees"
        className="borderCircle"
        height={144}
        src="/icon.png"
        width={144}
      />
    </a>
    <a
      className="noDecoration"
      href="/"
      onClick={[Function]}
      onMouseEnter={[Function]}
    >
      <h1
        className="heading2Xl"
      >
        The Deetees
      </h1>
    </a>
    <nav
      className="nav"
    >
      <a
        href="#about"
      >
        About
      </a>
       / 
      <a
        href="#contact"
      >
        Contact
      </a>
       / 
      <a
        href="#music"
      >
        Music
      </a>
       / 
      <a
        href="#posts"
      >
        Posts
      </a>
       / 
      <a
        href="#shows"
      >
        Shows
      </a>
    </nav>
  </header>
  <main>
    <section>
      <iframe
        allow="accelerometer; autoplay; clipboard-write; encrypted-media; gyroscope; picture-in-picture"
        allowFullScreen={true}
        className="iframe"
        frameBorder="0"
        height="315"
        src="https://www.youtube-nocookie.com/embed/SIUMdVyDD_8"
        title="YouTube video player"
        width="100%"
      />
    </section>
    <section
      className="headingMd"
      id="about"
    >
      <p
        dangerouslySetInnerHTML={
          Object {
            "__html": "",
          }
        }
      />
    </section>
    <section
      id="social"
    >
      <div
        className="container"
      >
        <a
          href="https://www.instagram.com/yourdeetees"
          rel="noreferrer"
          target="_blank"
        >
          <div
            style={
              Object {
                "boxSizing": "border-box",
                "display": "inline-block",
                "margin": 0,
                "maxWidth": "100%",
                "overflow": "hidden",
                "position": "relative",
              }
            }
          >
            <div
              style={
                Object {
                  "boxSizing": "border-box",
                  "display": "block",
                  "maxWidth": "100%",
                }
              }
            >
              <img
                alt=""
                aria-hidden={true}
                src="data:image/svg+xml;base64,PHN2ZyB3aWR0aD0iMzAiIGhlaWdodD0iMzAiIHhtbG5zPSJodHRwOi8vd3d3LnczLm9yZy8yMDAwL3N2ZyIgdmVyc2lvbj0iMS4xIi8+"
                style={
                  Object {
                    "border": "none",
                    "display": "block",
                    "margin": 0,
                    "maxWidth": "100%",
                    "padding": 0,
                  }
                }
              />
            </div>
            <img
              alt="Instagram"
              data-nimg="intrinsic"
              decoding="async"
              src="data:image/gif;base64,R0lGODlhAQABAIAAAAAAAP///yH5BAEAAAAALAAAAAABAAEAAAIBRAA7"
              style={
                Object {
                  "border": "none",
                  "bottom": 0,
                  "boxSizing": "border-box",
                  "display": "block",
                  "height": 0,
                  "left": 0,
                  "margin": "auto",
                  "maxHeight": "100%",
                  "maxWidth": "100%",
                  "minHeight": "100%",
                  "minWidth": "100%",
                  "objectFit": undefined,
                  "objectPosition": undefined,
                  "padding": 0,
                  "position": "absolute",
                  "right": 0,
                  "top": 0,
                  "width": 0,
                }
              }
            />
            <noscript>
              <img
                alt="Instagram"
                data-nimg="intrinsic"
                decoding="async"
                loading="lazy"
                src="/_next/image?url=%2Fsocial%2Finstagram.svg&w=64&q=75"
                srcSet="/_next/image?url=%2Fsocial%2Finstagram.svg&w=32&q=75 1x, /_next/image?url=%2Fsocial%2Finstagram.svg&w=64&q=75 2x"
                style={
                  Object {
                    "border": "none",
                    "bottom": 0,
                    "boxSizing": "border-box",
                    "display": "block",
                    "height": 0,
                    "left": 0,
                    "margin": "auto",
                    "maxHeight": "100%",
                    "maxWidth": "100%",
                    "minHeight": "100%",
                    "minWidth": "100%",
                    "objectFit": undefined,
                    "objectPosition": undefined,
                    "padding": 0,
                    "position": "absolute",
                    "right": 0,
                    "top": 0,
                    "width": 0,
                  }
                }
              />
            </noscript>
          </div>
        </a>
        <a
          href="https://www.facebook.com/DeeTeesGlesga"
          rel="noreferrer"
          target="_blank"
        >
          <div
            style={
              Object {
                "boxSizing": "border-box",
                "display": "inline-block",
                "margin": 0,
                "maxWidth": "100%",
                "overflow": "hidden",
                "position": "relative",
              }
            }
          >
            <div
              style={
                Object {
                  "boxSizing": "border-box",
                  "display": "block",
                  "maxWidth": "100%",
                }
              }
            >
              <img
                alt=""
                aria-hidden={true}
                src="data:image/svg+xml;base64,PHN2ZyB3aWR0aD0iMzAiIGhlaWdodD0iMzAiIHhtbG5zPSJodHRwOi8vd3d3LnczLm9yZy8yMDAwL3N2ZyIgdmVyc2lvbj0iMS4xIi8+"
                style={
                  Object {
                    "border": "none",
                    "display": "block",
                    "margin": 0,
                    "maxWidth": "100%",
                    "padding": 0,
                  }
                }
              />
            </div>
            <img
              alt="Facebook"
              data-nimg="intrinsic"
              decoding="async"
              src="data:image/gif;base64,R0lGODlhAQABAIAAAAAAAP///yH5BAEAAAAALAAAAAABAAEAAAIBRAA7"
              style={
                Object {
                  "border": "none",
                  "bottom": 0,
                  "boxSizing": "border-box",
                  "display": "block",
                  "height": 0,
                  "left": 0,
                  "margin": "auto",
                  "maxHeight": "100%",
                  "maxWidth": "100%",
                  "minHeight": "100%",
                  "minWidth": "100%",
                  "objectFit": undefined,
                  "objectPosition": undefined,
                  "padding": 0,
                  "position": "absolute",
                  "right": 0,
                  "top": 0,
                  "width": 0,
                }
              }
            />
            <noscript>
              <img
                alt="Facebook"
                data-nimg="intrinsic"
                decoding="async"
                loading="lazy"
                src="/_next/image?url=%2Fsocial%2Ffacebook.svg&w=64&q=75"
                srcSet="/_next/image?url=%2Fsocial%2Ffacebook.svg&w=32&q=75 1x, /_next/image?url=%2Fsocial%2Ffacebook.svg&w=64&q=75 2x"
                style={
                  Object {
                    "border": "none",
                    "bottom": 0,
                    "boxSizing": "border-box",
                    "display": "block",
                    "height": 0,
                    "left": 0,
                    "margin": "auto",
                    "maxHeight": "100%",
                    "maxWidth": "100%",
                    "minHeight": "100%",
                    "minWidth": "100%",
                    "objectFit": undefined,
                    "objectPosition": undefined,
                    "padding": 0,
                    "position": "absolute",
                    "right": 0,
                    "top": 0,
                    "width": 0,
                  }
                }
              />
            </noscript>
          </div>
        </a>
        <a
          href="https://twitter.com/deetees3"
          rel="noreferrer"
          target="_blank"
        >
          <div
            style={
              Object {
                "boxSizing": "border-box",
                "display": "inline-block",
                "margin": 0,
                "maxWidth": "100%",
                "overflow": "hidden",
                "position": "relative",
              }
            }
          >
            <div
              style={
                Object {
                  "boxSizing": "border-box",
                  "display": "block",
                  "maxWidth": "100%",
                }
              }
            >
              <img
                alt=""
                aria-hidden={true}
                src="data:image/svg+xml;base64,PHN2ZyB3aWR0aD0iMzMiIGhlaWdodD0iMzMiIHhtbG5zPSJodHRwOi8vd3d3LnczLm9yZy8yMDAwL3N2ZyIgdmVyc2lvbj0iMS4xIi8+"
                style={
                  Object {
                    "border": "none",
                    "display": "block",
                    "margin": 0,
                    "maxWidth": "100%",
                    "padding": 0,
                  }
                }
              />
            </div>
            <img
              alt="Twitter"
              data-nimg="intrinsic"
              decoding="async"
              src="data:image/gif;base64,R0lGODlhAQABAIAAAAAAAP///yH5BAEAAAAALAAAAAABAAEAAAIBRAA7"
              style={
                Object {
                  "border": "none",
                  "bottom": 0,
                  "boxSizing": "border-box",
                  "display": "block",
                  "height": 0,
                  "left": 0,
                  "margin": "auto",
                  "maxHeight": "100%",
                  "maxWidth": "100%",
                  "minHeight": "100%",
                  "minWidth": "100%",
                  "objectFit": undefined,
                  "objectPosition": undefined,
                  "padding": 0,
                  "position": "absolute",
                  "right": 0,
                  "top": 0,
                  "width": 0,
                }
              }
            />
            <noscript>
              <img
                alt="Twitter"
                data-nimg="intrinsic"
                decoding="async"
                loading="lazy"
                src="/_next/image?url=%2Fsocial%2Ftwitter.svg&w=96&q=75"
                srcSet="/_next/image?url=%2Fsocial%2Ftwitter.svg&w=48&q=75 1x, /_next/image?url=%2Fsocial%2Ftwitter.svg&w=96&q=75 2x"
                style={
                  Object {
                    "border": "none",
                    "bottom": 0,
                    "boxSizing": "border-box",
                    "display": "block",
                    "height": 0,
                    "left": 0,
                    "margin": "auto",
                    "maxHeight": "100%",
                    "maxWidth": "100%",
                    "minHeight": "100%",
                    "minWidth": "100%",
                    "objectFit": undefined,
                    "objectPosition": undefined,
                    "padding": 0,
                    "position": "absolute",
                    "right": 0,
                    "top": 0,
                    "width": 0,
                  }
                }
              />
            </noscript>
          </div>
        </a>
        <a
          href="https://www.youtube.com/channel/UCohjZ-MlZWw0RZoPvKZkq5A"
          rel="noreferrer"
          target="_blank"
        >
          <div
            style={
              Object {
                "boxSizing": "border-box",
                "display": "inline-block",
                "margin": 0,
                "maxWidth": "100%",
                "overflow": "hidden",
                "position": "relative",
              }
            }
          >
            <div
              style={
                Object {
                  "boxSizing": "border-box",
                  "display": "block",
                  "maxWidth": "100%",
                }
              }
            >
              <img
                alt=""
                aria-hidden={true}
                src="data:image/svg+xml;base64,PHN2ZyB3aWR0aD0iMzAiIGhlaWdodD0iMzAiIHhtbG5zPSJodHRwOi8vd3d3LnczLm9yZy8yMDAwL3N2ZyIgdmVyc2lvbj0iMS4xIi8+"
                style={
                  Object {
                    "border": "none",
                    "display": "block",
                    "margin": 0,
                    "maxWidth": "100%",
                    "padding": 0,
                  }
                }
              />
            </div>
            <img
              alt="YouTube"
              data-nimg="intrinsic"
              decoding="async"
              src="data:image/gif;base64,R0lGODlhAQABAIAAAAAAAP///yH5BAEAAAAALAAAAAABAAEAAAIBRAA7"
              style={
                Object {
                  "border": "none",
                  "bottom": 0,
                  "boxSizing": "border-box",
                  "display": "block",
                  "height": 0,
                  "left": 0,
                  "margin": "auto",
                  "maxHeight": "100%",
                  "maxWidth": "100%",
                  "minHeight": "100%",
                  "minWidth": "100%",
                  "objectFit": undefined,
                  "objectPosition": undefined,
                  "padding": 0,
                  "position": "absolute",
                  "right": 0,
                  "top": 0,
                  "width": 0,
                }
              }
            />
            <noscript>
              <img
                alt="YouTube"
                data-nimg="intrinsic"
                decoding="async"
                loading="lazy"
                src="/_next/image?url=%2Fsocial%2Fyoutube.svg&w=64&q=75"
                srcSet="/_next/image?url=%2Fsocial%2Fyoutube.svg&w=32&q=75 1x, /_next/image?url=%2Fsocial%2Fyoutube.svg&w=64&q=75 2x"
                style={
                  Object {
                    "border": "none",
                    "bottom": 0,
                    "boxSizing": "border-box",
                    "display": "block",
                    "height": 0,
                    "left": 0,
                    "margin": "auto",
                    "maxHeight": "100%",
                    "maxWidth": "100%",
                    "minHeight": "100%",
                    "minWidth": "100%",
                    "objectFit": undefined,
                    "objectPosition": undefined,
                    "padding": 0,
                    "position": "absolute",
                    "right": 0,
                    "top": 0,
                    "width": 0,
                  }
                }
              />
            </noscript>
          </div>
        </a>
      </div>
    </section>
    <section
      id="music"
    >
      <h2>
        Music
      </h2>
    </section>
    <section
      id="shows"
    >
      <h2>
        Shows
      </h2>
    </section>
    <section
      id="posts"
    >
      <h2>
        Latest Posts
      </h2>
      <ul
        className="list"
      >
        <li
          className="listItem"
        >
          <a
            href="/posts/1"
            onClick={[Function]}
            onMouseEnter={[Function]}
          >
            <h3
              className="headingMd"
            >
              Post #1
            </h3>
          </a>
          <small>
            📰 
            <time
              dateTime="2021-01-01"
            >
              1 January, 2021
            </time>
          </small>
        </li>
        <li
          className="listItem"
        >
          <a
            href="/posts/2"
            onClick={[Function]}
            onMouseEnter={[Function]}
          >
            <h3
              className="headingMd"
            >
              Post #2
            </h3>
          </a>
          <small>
            📰 
            <time
              dateTime="2021-01-02"
            >
              2 January, 2021
            </time>
          </small>
        </li>
      </ul>
    </section>
    <section
      id="contact"
    >
      <h2>
        Contact
      </h2>
      <p>
        For any enquiries please send us an
         
        <a
          href="mailto:yourdeetees@gmail.com"
        >
          email
        </a>
         or get in touch via social media.
      </p>
    </section>
  </main>
  <footer
    className="footer"
  >
    <hr
      className="divider"
    />
    <small>
      © 
      2021
      , 
      The Deetees
       🎸
    </small>
  </footer>
</div>
`;
